// Jest Snapshot v1, https://goo.gl/fbAQLP

exports[`configurationVault should match the module 1`] = `
Object {
  "getAutoAdd": [Function],
  "getContacts": [Function],
  "getEmojiFormat": [Function],
  "getLdapPassword": [Function],
  "getLdapUsername": [Function],
  "getScopePrompt": [Function],
  "getSignedCommit": [Function],
  "setAutoAdd": [Function],
  "setContacts": [Function],
  "setEmojiFormat": [Function],
  "setLdapPassword": [Function],
  "setLdapUsername": [Function],
  "setScopePrompt": [Function],
  "setSignedCommit": [Function],
}
`;
